// Jest Snapshot v1, https://goo.gl/fbAQLP

exports[`<SearchScreen /> should renders default values 1`] = `
<div>
  <h1>
    SearchScreen
  </h1>
  <hr />
  <div
    className="row"
  >
    <div
      className="col-5"
    >
      <h4>
        Search Form
      </h4>
      <hr />
      <form
        onSubmit={[Function]}
      >
        <input
          autoComplete="off"
          className="form-control"
          name="searchText"
          onChange={[Function]}
          placeholder="Find your hero!"
          type="text"
          value=""
        />
        <button
          className="btn m-t1 btn-block btn-outline-primary"
          type="submit"
        >
          Search
        </button>
      </form>
    </div>
    <div
      className="col-7"
    >
      <h4>
        Your heroes
      </h4>
      <div
        className="alert alert-info"
      >
        Search a hero
      </div>
    </div>
  </div>
</div>
`;
