// Jest Snapshot v1, https://goo.gl/fbAQLP

exports[`DcScreen should renders ok 1`] = `
<div>
  <h1>
    DcScreen
  </h1>
  <HeroList
    publisher="DC Comics"
  />
</div>
`;
