// Jest Snapshot v1, https://goo.gl/fbAQLP

exports[`MarvelScreen should renders ok 1`] = `
<div>
  <h1>
    MarvelScreen
  </h1>
  <hr />
  <HeroList
    publisher="Marvel Comics"
  />
</div>
`;
